[INFO] Scanning for projects...
[INFO] 
[INFO] ----------------------< garden.ai:ai-live-garden >----------------------
[INFO] Building ai-live-garden 0.1.0-SNAPSHOT
[INFO]   from pom.xml
[INFO] --------------------------------[ jar ]---------------------------------
[INFO] 
[INFO] --- resources:3.4.0:resources (default-resources) @ ai-live-garden ---
[INFO] skip non existing resourceDirectory /home/runner/work/ai-live-garden/ai-live-garden/src/main/resources
[INFO] 
[INFO] --- compiler:3.15.0:compile (default-compile) @ ai-live-garden ---
[INFO] Nothing to compile - all classes are up to date.
[INFO] 
[INFO] --- resources:3.4.0:testResources (default-testResources) @ ai-live-garden ---
[INFO] skip non existing resourceDirectory /home/runner/work/ai-live-garden/ai-live-garden/src/test/resources
[INFO] 
[INFO] --- compiler:3.15.0:testCompile (default-testCompile) @ ai-live-garden ---
[INFO] Nothing to compile - all classes are up to date.
[INFO] 
[INFO] --- surefire:3.5.6:test (default-test) @ ai-live-garden ---
[INFO] Using auto detected provider org.apache.maven.surefire.junitplatform.JUnitPlatformProvider
[INFO] 
[INFO] -------------------------------------------------------
[INFO]  T E S T S
[INFO] -------------------------------------------------------
[INFO] Running garden.ai.StressAvoidanceTest
Plant traits: [stress-avoidance]
Has trait: true
Is hungry: false
[ERROR] Tests run: 1, Failures: 1, Errors: 0, Skipped: 0, Time elapsed: 0.040 s <<< FAILURE! -- in garden.ai.StressAvoidanceTest
[ERROR] garden.ai.StressAvoidanceTest.testStressAvoidanceTraitPreventsStress -- Time elapsed: 0.024 s <<< FAILURE!
org.opentest4j.AssertionFailedError: Plant should be in stress-avoidance mode when nutrients are 0 ==> expected: <true> but was: <false>
	at org.junit.jupiter.api.Assertions.assertTrue(Assertions.java:232)
	at garden.ai.StressAvoidanceTest.testStressAvoidanceTraitPreventsStress(StressAvoidanceTest.java:24)

[INFO] 
[INFO] Results:
[INFO] 
[ERROR] Failures: 
[ERROR]   StressAvoidanceTest.testStressAvoidanceTraitPreventsStress:24 Plant should be in stress-avoidance mode when nutrients are 0 ==> expected: <true> but was: <false>
[INFO] 
[ERROR] Tests run: 1, Failures: 1, Errors: 0, Skipped: 0
[INFO] 
[INFO] ------------------------------------------------------------------------
[INFO] BUILD FAILURE
[INFO] ------------------------------------------------------------------------
[INFO] Total time:  0.915 s
[INFO] Finished at: 2026-06-26T17:54:34Z
[INFO] ------------------------------------------------------------------------
[ERROR] Failed to execute goal org.apache.maven.plugins:maven-surefire-plugin:3.5.6:test (default-test) on project ai-live-garden: There are test failures.
[ERROR] 
[ERROR] See /home/runner/work/ai-live-garden/ai-live-garden/target/surefire-reports for the individual test results.
[ERROR] See dump files (if any exist) [date].dump, [date]-jvmRun[N].dump and [date].dumpstream.
[ERROR] -> [Help 1]
[ERROR] 
[ERROR] To see the full stack trace of the errors, re-run Maven with the -e switch.
[ERROR] Re-run Maven using the -X switch to enable full debug logging.
[ERROR] 
[ERROR] For more information about the errors and possible solutions, please read the following articles:
[ERROR] [Help 1] http://cwiki.apache.org/confluence/display/MAVEN/MojoFailureException
